// Jest Snapshot v1, https://goo.gl/fbAQLP

exports[`SelectInput should render correctly 1`] = `ReactWrapper {}`;
